
⠋ Generating mutants
⠙ Generating mutants
⠹ Generating mutants
⠸ Generating mutants
⠼ Generating mutants
⠴ Generating mutants
⠦ Generating mutants
⠧ Generating mutants
⠇ Generating mutants
⠏ Generating mutants
⠋ Generating mutants
⠙ Generating mutants
⠹ Generating mutants
⠸ Generating mutants
⠼ Generating mutants
⠴ Generating mutants
⠦ Generating mutants
⠧ Generating mutants
⠇ Generating mutants
⠏ Generating mutants
⠋ Generating mutants
⠙ Generating mutants
⠹ Generating mutants
⠸ Generating mutants
⠼ Generating mutants
⠴ Generating mutants
⠦ Generating mutants
⠧ Generating mutants
⠇ Generating mutants
⠏ Generating mutants
⠋ Generating mutants
⠙ Generating mutants
⠹ Generating mutants
⠸ Generating mutants
⠼ Generating mutants
⠴ Generating mutants
⠦ Generating mutants
⠧ Generating mutants
⠇ Generating mutants
⠏ Generating mutants
⠋ Generating mutants
    done in 152ms (2 files mutated, 0 ignored, 0 unmodified)

⠧ Running stats     
⠇ Running stats
⠏ Running stats
⠋ Running stats
⠙ Running stats
⠹ Running stats
⠸ Running stats
⠼ Running stats
⠴ Running stats
⠦ Running stats
⠧ Running stats
⠇ Running stats
⠏ Running stats
⠋ Running stats
⠙ Running stats
⠹ Running stats
⠸ Running stats
⠼ Running stats
⠴ Running stats
⠦ Running stats
⠧ Running stats
⠇ Running stats
⠏ Running stats
⠋ Running stats
⠙ Running stats
⠹ Running stats
⠸ Running stats
⠼ Running stats
⠴ Running stats
⠦ Running stats
⠧ Running stats
⠇ Running stats
⠏ Running stats
⠋ Running stats
⠙ Running stats
⠹ Running stats
⠸ Running stats
⠼ Running stats
⠴ Running stats
⠦ Running stats
⠧ Running stats
⠇ Running stats
⠏ Running stats
⠋ Running stats
⠙ Running stats
⠹ Running stats
    done

⠸ Running clean tests
⠼ Running clean tests
⠴ Running clean tests
⠦ Running clean tests
⠧ Running clean tests
⠇ Running clean tests
⠏ Running clean tests
⠋ Running clean tests
⠙ Running clean tests
⠹ Running clean tests
⠸ Running clean tests
⠼ Running clean tests
⠴ Running clean tests
⠦ Running clean tests
⠧ Running clean tests
⠇ Running clean tests
⠏ Running clean tests
⠋ Running clean tests
⠙ Running clean tests
⠹ Running clean tests
⠸ Running clean tests
⠼ Running clean tests
⠴ Running clean tests
⠦ Running clean tests
⠧ Running clean tests
⠇ Running clean tests
⠏ Running clean tests
⠋ Running clean tests
⠙ Running clean tests
⠹ Running clean tests
⠸ Running clean tests
⠼ Running clean tests
⠴ Running clean tests
⠦ Running clean tests
⠧ Running clean tests
⠇ Running clean tests
⠏ Running clean tests
⠋ Running clean tests
⠙ Running clean tests
⠹ Running clean tests
⠸ Running clean tests
⠼ Running clean tests
⠴ Running clean tests
⠦ Running clean tests
⠧ Running clean tests
⠇ Running clean tests
    done

⠏ Running forced fail test
⠋ Running forced fail test
⠙ Running forced fail test
⠹ Running forced fail test
⠸ Running forced fail test
⠼ Running forced fail test
⠴ Running forced fail test
⠦ Running forced fail test
⠧ Running forced fail test
⠇ Running forced fail test
⠏ Running forced fail test
⠋ Running forced fail test
⠙ Running forced fail test
⠹ Running forced fail test
⠸ Running forced fail test
⠼ Running forced fail test
    done
Running mutation testing

⠴ 0/51  🎉 0 🫥 0  ⏰ 0  🤔 0  🙁 0  🔇 0  🧙 0
⠦ 1/51  🎉 1 🫥 0  ⏰ 0  🤔 0  🙁 0  🔇 0  🧙 0/home/tung/code/IT4490/.venv/lib/python3.12/site-packages/mutmut/__main__.py:1472: DeprecationWarning: This process (pid=4) is multi-threaded, use of fork() may lead to deadlocks in the child.
  pid = os.fork()

⠧ 2/51  🎉 2 🫥 0  ⏰ 0  🤔 0  🙁 0  🔇 0  🧙 0
⠇ 3/51  🎉 2 🫥 0  ⏰ 0  🤔 0  🙁 1  🔇 0  🧙 0
⠏ 4/51  🎉 2 🫥 0  ⏰ 0  🤔 0  🙁 2  🔇 0  🧙 0
⠋ 5/51  🎉 2 🫥 0  ⏰ 0  🤔 0  🙁 3  🔇 0  🧙 0
⠙ 6/51  🎉 3 🫥 0  ⏰ 0  🤔 0  🙁 3  🔇 0  🧙 0
⠹ 7/51  🎉 4 🫥 0  ⏰ 0  🤔 0  🙁 3  🔇 0  🧙 0
⠸ 8/51  🎉 4 🫥 0  ⏰ 0  🤔 0  🙁 4  🔇 0  🧙 0
⠼ 9/51  🎉 4 🫥 0  ⏰ 0  🤔 0  🙁 5  🔇 0  🧙 0
⠴ 10/51  🎉 4 🫥 0  ⏰ 0  🤔 0  🙁 6  🔇 0  🧙 0
⠦ 11/51  🎉 5 🫥 0  ⏰ 0  🤔 0  🙁 6  🔇 0  🧙 0
⠧ 12/51  🎉 6 🫥 0  ⏰ 0  🤔 0  🙁 6  🔇 0  🧙 0
⠇ 13/51  🎉 7 🫥 0  ⏰ 0  🤔 0  🙁 6  🔇 0  🧙 0
⠏ 14/51  🎉 7 🫥 0  ⏰ 0  🤔 0  🙁 7  🔇 0  🧙 0
⠋ 15/51  🎉 7 🫥 0  ⏰ 0  🤔 0  🙁 8  🔇 0  🧙 0
⠙ 16/51  🎉 7 🫥 0  ⏰ 0  🤔 0  🙁 9  🔇 0  🧙 0
⠹ 17/51  🎉 8 🫥 0  ⏰ 0  🤔 0  🙁 9  🔇 0  🧙 0
⠸ 18/51  🎉 8 🫥 0  ⏰ 0  🤔 0  🙁 10  🔇 0  🧙 0
⠼ 19/51  🎉 8 🫥 0  ⏰ 0  🤔 0  🙁 11  🔇 0  🧙 0
⠴ 20/51  🎉 8 🫥 0  ⏰ 0  🤔 0  🙁 12  🔇 0  🧙 0
⠦ 21/51  🎉 9 🫥 0  ⏰ 0  🤔 0  🙁 12  🔇 0  🧙 0
⠧ 22/51  🎉 9 🫥 0  ⏰ 0  🤔 0  🙁 13  🔇 0  🧙 0
⠇ 23/51  🎉 9 🫥 0  ⏰ 0  🤔 0  🙁 14  🔇 0  🧙 0
⠏ 24/51  🎉 9 🫥 0  ⏰ 0  🤔 0  🙁 15  🔇 0  🧙 0
⠋ 25/51  🎉 9 🫥 0  ⏰ 0  🤔 0  🙁 16  🔇 0  🧙 0
⠙ 26/51  🎉 10 🫥 0  ⏰ 0  🤔 0  🙁 16  🔇 0  🧙 0
⠹ 27/51  🎉 11 🫥 0  ⏰ 0  🤔 0  🙁 16  🔇 0  🧙 0
⠸ 28/51  🎉 12 🫥 0  ⏰ 0  🤔 0  🙁 16  🔇 0  🧙 0
⠼ 29/51  🎉 13 🫥 0  ⏰ 0  🤔 0  🙁 16  🔇 0  🧙 0
⠴ 30/51  🎉 14 🫥 0  ⏰ 0  🤔 0  🙁 16  🔇 0  🧙 0
⠦ 31/51  🎉 15 🫥 0  ⏰ 0  🤔 0  🙁 16  🔇 0  🧙 0
⠧ 32/51  🎉 16 🫥 0  ⏰ 0  🤔 0  🙁 16  🔇 0  🧙 0
⠇ 33/51  🎉 17 🫥 0  ⏰ 0  🤔 0  🙁 16  🔇 0  🧙 0
⠏ 34/51  🎉 18 🫥 0  ⏰ 0  🤔 0  🙁 16  🔇 0  🧙 0
⠋ 35/51  🎉 19 🫥 0  ⏰ 0  🤔 0  🙁 16  🔇 0  🧙 0
⠙ 36/51  🎉 20 🫥 0  ⏰ 0  🤔 0  🙁 16  🔇 0  🧙 0
⠹ 37/51  🎉 21 🫥 0  ⏰ 0  🤔 0  🙁 16  🔇 0  🧙 0
⠸ 38/51  🎉 22 🫥 0  ⏰ 0  🤔 0  🙁 16  🔇 0  🧙 0
⠼ 39/51  🎉 23 🫥 0  ⏰ 0  🤔 0  🙁 16  🔇 0  🧙 0
⠴ 40/51  🎉 24 🫥 0  ⏰ 0  🤔 0  🙁 16  🔇 0  🧙 0
⠦ 41/51  🎉 25 🫥 0  ⏰ 0  🤔 0  🙁 16  🔇 0  🧙 0
⠧ 42/51  🎉 26 🫥 0  ⏰ 0  🤔 0  🙁 16  🔇 0  🧙 0
⠇ 43/51  🎉 27 🫥 0  ⏰ 0  🤔 0  🙁 16  🔇 0  🧙 0
⠏ 44/51  🎉 28 🫥 0  ⏰ 0  🤔 0  🙁 16  🔇 0  🧙 0
⠋ 45/51  🎉 29 🫥 0  ⏰ 0  🤔 0  🙁 16  🔇 0  🧙 0
⠙ 46/51  🎉 30 🫥 0  ⏰ 0  🤔 0  🙁 16  🔇 0  🧙 0
⠹ 47/51  🎉 31 🫥 0  ⏰ 0  🤔 0  🙁 16  🔇 0  🧙 0
⠸ 48/51  🎉 32 🫥 0  ⏰ 0  🤔 0  🙁 16  🔇 0  🧙 0
⠼ 49/51  🎉 33 🫥 0  ⏰ 0  🤔 0  🙁 16  🔇 0  🧙 0
⠴ 50/51  🎉 34 🫥 0  ⏰ 0  🤔 0  🙁 16  🔇 0  🧙 0
⠦ 51/51  🎉 35 🫥 0  ⏰ 0  🤔 0  🙁 16  🔇 0  🧙 0
23.83 mutations/second
